
> @figma/my-make-file@0.0.1 build
> vite build

[36mvite v6.3.5 [32mbuilding for production...[36m[39m
transforming...
[32m??[39m 2961 modules transformed.
node.exe : [33m[plugin vite:reporter] 
위치 줄:1 문자:1
+ & "D:\/node.exe" "C:\Users\a\AppData\Roaming\npm/node_modules/npm/bin ...
+ ~~~~~~~~~~~~~~~~~~~~~~~~~~~~~~~~~~~~~~~~~~~~~~~~~~~~~~~~~~~~~~~~~~~~~
    + CategoryInfo          : NotSpecified: ([33m[plugin vite:reporter] :String) [], RemoteException
    + FullyQualifiedErrorId : NativeCommandError
 
(!) D:/projectsing/Wings Baseball Club Community PWA/src/lib/firebase/auth.service.ts is dynamically imported by D:/projectsing/Wings Baseball Club 
Community PWA/src/app/pages/AdminPage.tsx, D:/projectsing/Wings Baseball Club Community PWA/src/app/pages/AdminPage.tsx, D:/projectsing/Wings Baseba
ll Club Community PWA/src/app/pages/LoginPage.tsx, D:/projectsing/Wings Baseball Club Community PWA/src/app/pages/LoginPage.tsx, D:/projectsing/Wing
s Baseball Club Community PWA/src/app/pages/LoginPage.tsx but also statically imported by D:/projectsing/Wings Baseball Club Community PWA/src/app/c
ontexts/AuthContext.tsx, D:/projectsing/Wings Baseball Club Community PWA/src/app/pages/LoginPage.tsx, dynamic import will not move module into anot
her chunk.
[39m
rendering chunks...
computing gzip size...
[2mdist/[22m[32mindex.html                 [39m[1m[2m    1.28 kB[22m[1m[22m[2m ??gzip:   0.64 kB[22m
[2mdist/[22m[35massets/index-CTN_kpCA.css  [39m[1m[2m  136.55 kB[22m[1m[22m[2m ??gzip:  20.44 kB[22m
[2mdist/[22m[36massets/index-CN9RyZBU.js   [39m[1m[33m1,284.93 kB[39m[22m[2m ??gzip: 340.58 kB[22m
[33m
(!) Some chunks are larger than 500 kB after minification. Consider:
- Using dynamic import() to code-split the application
- Use build.rollupOptions.output.manualChunks to improve chunking: https://rollupjs.org/configuration-options/#output-manualchunks
- Adjust chunk size limit for this warning via build.chunkSizeWarningLimit.[39m
[32m??built in 14.41s[39m
